// Jest Snapshot v1, https://goo.gl/fbAQLP

exports[`Card component renders the UI as expected with props 1`] = `
<div
  className="Card"
>
  <button
    type="button"
  >
    delete
  </button>
  <h3>
    TITLE 1
  </h3>
  <p>
    lorem ipsum cat scrabble clawing
  </p>
</div>
`;
